
> react-kavia@0.1.0 start
> react-scripts start

(node:78026) [DEP_WEBPACK_DEV_SERVER_ON_AFTER_SETUP_MIDDLEWARE] DeprecationWarning: 'onAfterSetupMiddleware' option is deprecated. Please use the 'setupMiddlewares' option.
(Use `node --trace-deprecation ...` to show where the warning was created)
(node:78026) [DEP_WEBPACK_DEV_SERVER_ON_BEFORE_SETUP_MIDDLEWARE] DeprecationWarning: 'onBeforeSetupMiddleware' option is deprecated. Please use the 'setupMiddlewares' option.
Starting the development server...

Compiled successfully!

You can now view react-kavia in the browser.

  Local:            http://localhost:3000
  On Your Network:  http://172.17.0.2:3000

Note that the development build is not optimized.
To create a production build, use npm run build.

webpack compiled successfully
Compiling...
Failed to compile.

[eslint] 
src/components/games/CastGuessGame.js
  Line 49:26:  'fetchToughTamilMovies' is not defined  no-undef

src/components/games/CharMovieMatchGame.js
  Line 49:28:  'fetchToughTamilMovies' is not defined  no-undef

src/components/games/MovieBingoGame.js
  Line 44:26:  'fetchToughTamilMovies' is not defined  no-undef

Search for the keywords to learn more about each error.
WARNING in [eslint] 
src/components/games/BlurredPosterGame.js
  Line 4:23:  'useLocation' is defined but never used  no-unused-vars

src/components/games/CastGuessGame.js
  Line 2:10:  'fetchPopularTamilMovies' is defined but never used  no-unused-vars

src/components/games/CharMovieMatchGame.js
  Line 2:10:  'fetchPopularTamilMovies' is defined but never used  no-unused-vars

src/components/games/MovieBingoGame.js
  Line 2:10:  'fetchPopularTamilMovies' is defined but never used  no-unused-vars

src/components/games/SpeedRoundGame.js
  Line 174:72:  Unnecessary escape character: \"  no-useless-escape
  Line 174:79:  Unnecessary escape character: \"  no-useless-escape

ERROR in [eslint] 
src/components/games/CastGuessGame.js
  Line 49:26:  'fetchToughTamilMovies' is not defined  no-undef

src/components/games/CharMovieMatchGame.js
  Line 49:28:  'fetchToughTamilMovies' is not defined  no-undef

src/components/games/MovieBingoGame.js
  Line 44:26:  'fetchToughTamilMovies' is not defined  no-undef

Search for the keywords to learn more about each error.

webpack compiled with 1 error and 1 warning
Compiling...
Failed to compile.

[eslint] 
src/components/games/BuffCertGame.js
  Line 36:24:  'fetchToughTamilMovies' is not defined  no-undef

src/components/games/CastGuessGame.js
  Line 49:26:  'fetchToughTamilMovies' is not defined  no-undef

src/components/games/CharMovieMatchGame.js
  Line 49:28:  'fetchToughTamilMovies' is not defined  no-undef

src/components/games/MovieBingoGame.js
  Line 44:26:  'fetchToughTamilMovies' is not defined  no-undef

Search for the keywords to learn more about each error.
WARNING in [eslint] 
src/components/games/BlurredPosterGame.js
  Line 4:23:  'useLocation' is defined but never used  no-unused-vars

src/components/games/BuffCertGame.js
  Line 2:10:  'fetchPopularTamilMovies' is defined but never used  no-unused-vars

src/components/games/CastGuessGame.js
  Line 2:10:  'fetchPopularTamilMovies' is defined but never used  no-unused-vars

src/components/games/CharMovieMatchGame.js
  Line 2:10:  'fetchPopularTamilMovies' is defined but never used  no-unused-vars

src/components/games/MovieBingoGame.js
  Line 2:10:  'fetchPopularTamilMovies' is defined but never used  no-unused-vars

src/components/games/SpeedRoundGame.js
  Line 174:72:  Unnecessary escape character: \"  no-useless-escape
  Line 174:79:  Unnecessary escape character: \"  no-useless-escape

ERROR in [eslint] 
src/components/games/BuffCertGame.js
  Line 36:24:  'fetchToughTamilMovies' is not defined  no-undef

src/components/games/CastGuessGame.js
  Line 49:26:  'fetchToughTamilMovies' is not defined  no-undef

src/components/games/CharMovieMatchGame.js
  Line 49:28:  'fetchToughTamilMovies' is not defined  no-undef

src/components/games/MovieBingoGame.js
  Line 44:26:  'fetchToughTamilMovies' is not defined  no-undef

Search for the keywords to learn more about each error.

webpack compiled with 1 error and 1 warning
Compiling...
Failed to compile.

[eslint] 
src/components/games/CastGuessGame.js
  Line 49:26:  'fetchToughTamilMovies' is not defined  no-undef

src/components/games/CharMovieMatchGame.js
  Line 49:28:  'fetchToughTamilMovies' is not defined  no-undef

src/components/games/MovieBingoGame.js
  Line 44:26:  'fetchToughTamilMovies' is not defined  no-undef

Search for the keywords to learn more about each error.
WARNING in [eslint] 
src/components/games/BlurredPosterGame.js
  Line 4:23:  'useLocation' is defined but never used  no-unused-vars

src/components/games/CastGuessGame.js
  Line 2:10:  'fetchPopularTamilMovies' is defined but never used  no-unused-vars

src/components/games/CharMovieMatchGame.js
  Line 2:10:  'fetchPopularTamilMovies' is defined but never used  no-unused-vars

src/components/games/MovieBingoGame.js
  Line 2:10:  'fetchPopularTamilMovies' is defined but never used  no-unused-vars

src/components/games/SpeedRoundGame.js
  Line 174:72:  Unnecessary escape character: \"  no-useless-escape
  Line 174:79:  Unnecessary escape character: \"  no-useless-escape

ERROR in [eslint] 
src/components/games/CastGuessGame.js
  Line 49:26:  'fetchToughTamilMovies' is not defined  no-undef

src/components/games/CharMovieMatchGame.js
  Line 49:28:  'fetchToughTamilMovies' is not defined  no-undef

src/components/games/MovieBingoGame.js
  Line 44:26:  'fetchToughTamilMovies' is not defined  no-undef

Search for the keywords to learn more about each error.

webpack compiled with 1 error and 1 warning
Compiling...
Failed to compile.

[eslint] 
src/components/games/CharMovieMatchGame.js
  Line 49:28:  'fetchToughTamilMovies' is not defined  no-undef

src/components/games/MovieBingoGame.js
  Line 44:26:  'fetchToughTamilMovies' is not defined  no-undef

Search for the keywords to learn more about each error.
WARNING in [eslint] 
src/components/games/BlurredPosterGame.js
  Line 4:23:  'useLocation' is defined but never used  no-unused-vars

src/components/games/CharMovieMatchGame.js
  Line 2:10:  'fetchPopularTamilMovies' is defined but never used  no-unused-vars

src/components/games/MovieBingoGame.js
  Line 2:10:  'fetchPopularTamilMovies' is defined but never used  no-unused-vars

src/components/games/SpeedRoundGame.js
  Line 174:72:  Unnecessary escape character: \"  no-useless-escape
  Line 174:79:  Unnecessary escape character: \"  no-useless-escape

ERROR in [eslint] 
src/components/games/CharMovieMatchGame.js
  Line 49:28:  'fetchToughTamilMovies' is not defined  no-undef

src/components/games/MovieBingoGame.js
  Line 44:26:  'fetchToughTamilMovies' is not defined  no-undef

Search for the keywords to learn more about each error.

webpack compiled with 1 error and 1 warning
Compiling...
Failed to compile.

[eslint] 
src/components/games/MovieBingoGame.js
  Line 44:26:  'fetchToughTamilMovies' is not defined  no-undef

Search for the keywords to learn more about each error.
WARNING in [eslint] 
src/components/games/BlurredPosterGame.js
  Line 4:23:  'useLocation' is defined but never used  no-unused-vars

src/components/games/MovieBingoGame.js
  Line 2:10:  'fetchPopularTamilMovies' is defined but never used  no-unused-vars

src/components/games/SpeedRoundGame.js
  Line 174:72:  Unnecessary escape character: \"  no-useless-escape
  Line 174:79:  Unnecessary escape character: \"  no-useless-escape

ERROR in [eslint] 
src/components/games/MovieBingoGame.js
  Line 44:26:  'fetchToughTamilMovies' is not defined  no-undef

Search for the keywords to learn more about each error.

webpack compiled with 1 error and 1 warning
Compiling...
Compiled with warnings.

[eslint] 
src/components/games/BlurredPosterGame.js
  Line 4:23:  'useLocation' is defined but never used  no-unused-vars

src/components/games/SpeedRoundGame.js
  Line 174:72:  Unnecessary escape character: \"  no-useless-escape
  Line 174:79:  Unnecessary escape character: \"  no-useless-escape

Search for the keywords to learn more about each warning.
To ignore, add // eslint-disable-next-line to the line before.

WARNING in [eslint] 
src/components/games/BlurredPosterGame.js
  Line 4:23:  'useLocation' is defined but never used  no-unused-vars

src/components/games/SpeedRoundGame.js
  Line 174:72:  Unnecessary escape character: \"  no-useless-escape
  Line 174:79:  Unnecessary escape character: \"  no-useless-escape

webpack compiled with 1 warning
